EN module1 NULL C:/Users/lab/donaldtrump/226228_226141_Pajdak_Slowinski/Projekt/Winamp/Module1.vhd sub00/vhpl00 1527001397
EN schematic_1 NULL C:/Users/lab/donaldtrump/226228_226141_Pajdak_Slowinski/Projekt/Winamp/Schematic_1.vhf sub00/vhpl02 1527001399
AR schematic_1 behavioral C:/Users/lab/donaldtrump/226228_226141_Pajdak_Slowinski/Projekt/Winamp/Schematic_1.vhf sub00/vhpl03 1527001400
AR module1 behavioral C:/Users/lab/donaldtrump/226228_226141_Pajdak_Slowinski/Projekt/Winamp/Module1.vhd sub00/vhpl01 1527001398
